[pre]
. "/home/$USER/miniconda3/etc/profile.d/conda.sh"
conda activate simulations_env

[params]
cores = 16
memory = 5G

[jobs]
Rscript ../src/signature_analyzer_sender.R ../data/breastlungcolon/SBS9.10.0.catalogue.tsv 20 ../data/deconstruction/breastlungcolon NOPAN
Rscript ../src/signature_analyzer_sender.R ../data/breastlungcolon/SBS9.10.1.catalogue.tsv 20 ../data/deconstruction/breastlungcolon NOPAN
Rscript ../src/signature_analyzer_sender.R ../data/breastlungcolon/SBS9.10.2.catalogue.tsv 20 ../data/deconstruction/breastlungcolon NOPAN
Rscript ../src/signature_analyzer_sender.R ../data/breastlungcolon/SBS9.10.3.catalogue.tsv 20 ../data/deconstruction/breastlungcolon NOPAN
Rscript ../src/signature_analyzer_sender.R ../data/breastlungcolon/SBS9.10.4.catalogue.tsv 20 ../data/deconstruction/breastlungcolon NOPAN
Rscript ../src/signature_analyzer_sender.R ../data/breastlungcolon/SBS9.10.5.catalogue.tsv 20 ../data/deconstruction/breastlungcolon NOPAN
Rscript ../src/signature_analyzer_sender.R ../data/breastlungcolon/SBS9.10.6.catalogue.tsv 20 ../data/deconstruction/breastlungcolon NOPAN
Rscript ../src/signature_analyzer_sender.R ../data/breastlungcolon/SBS9.10.7.catalogue.tsv 20 ../data/deconstruction/breastlungcolon NOPAN
Rscript ../src/signature_analyzer_sender.R ../data/breastlungcolon/SBS9.10.8.catalogue.tsv 20 ../data/deconstruction/breastlungcolon NOPAN
Rscript ../src/signature_analyzer_sender.R ../data/breastlungcolon/SBS9.10.9.catalogue.tsv 20 ../data/deconstruction/breastlungcolon NOPAN
Rscript ../src/signature_analyzer_sender.R ../data/breastlungcolon/SBS9.10.10.catalogue.tsv 20 ../data/deconstruction/breastlungcolon NOPAN
Rscript ../src/signature_analyzer_sender.R ../data/breastlungcolon/SBS9.10.11.catalogue.tsv 20 ../data/deconstruction/breastlungcolon NOPAN
Rscript ../src/signature_analyzer_sender.R ../data/breastlungcolon/SBS9.10.12.catalogue.tsv 20 ../data/deconstruction/breastlungcolon NOPAN
Rscript ../src/signature_analyzer_sender.R ../data/breastlungcolon/SBS9.10.13.catalogue.tsv 20 ../data/deconstruction/breastlungcolon NOPAN
Rscript ../src/signature_analyzer_sender.R ../data/breastlungcolon/SBS9.10.14.catalogue.tsv 20 ../data/deconstruction/breastlungcolon NOPAN
Rscript ../src/signature_analyzer_sender.R ../data/breastlungcolon/SBS9.10.15.catalogue.tsv 20 ../data/deconstruction/breastlungcolon NOPAN
Rscript ../src/signature_analyzer_sender.R ../data/breastlungcolon/SBS9.10.16.catalogue.tsv 20 ../data/deconstruction/breastlungcolon NOPAN
Rscript ../src/signature_analyzer_sender.R ../data/breastlungcolon/SBS9.10.17.catalogue.tsv 20 ../data/deconstruction/breastlungcolon NOPAN
Rscript ../src/signature_analyzer_sender.R ../data/breastlungcolon/SBS9.10.18.catalogue.tsv 20 ../data/deconstruction/breastlungcolon NOPAN
Rscript ../src/signature_analyzer_sender.R ../data/breastlungcolon/SBS9.10.19.catalogue.tsv 20 ../data/deconstruction/breastlungcolon NOPAN
Rscript ../src/signature_analyzer_sender.R ../data/breastlungcolon/SBS9.10.20.catalogue.tsv 20 ../data/deconstruction/breastlungcolon NOPAN
Rscript ../src/signature_analyzer_sender.R ../data/breastlungcolon/SBS9.10.21.catalogue.tsv 20 ../data/deconstruction/breastlungcolon NOPAN
Rscript ../src/signature_analyzer_sender.R ../data/breastlungcolon/SBS9.10.22.catalogue.tsv 20 ../data/deconstruction/breastlungcolon NOPAN
Rscript ../src/signature_analyzer_sender.R ../data/breastlungcolon/SBS9.10.23.catalogue.tsv 20 ../data/deconstruction/breastlungcolon NOPAN
Rscript ../src/signature_analyzer_sender.R ../data/breastlungcolon/SBS9.10.24.catalogue.tsv 20 ../data/deconstruction/breastlungcolon NOPAN
Rscript ../src/signature_analyzer_sender.R ../data/breastlungcolon/SBS9.25.0.catalogue.tsv 20 ../data/deconstruction/breastlungcolon NOPAN
Rscript ../src/signature_analyzer_sender.R ../data/breastlungcolon/SBS9.25.1.catalogue.tsv 20 ../data/deconstruction/breastlungcolon NOPAN
Rscript ../src/signature_analyzer_sender.R ../data/breastlungcolon/SBS9.25.2.catalogue.tsv 20 ../data/deconstruction/breastlungcolon NOPAN
Rscript ../src/signature_analyzer_sender.R ../data/breastlungcolon/SBS9.25.3.catalogue.tsv 20 ../data/deconstruction/breastlungcolon NOPAN
Rscript ../src/signature_analyzer_sender.R ../data/breastlungcolon/SBS9.25.4.catalogue.tsv 20 ../data/deconstruction/breastlungcolon NOPAN
Rscript ../src/signature_analyzer_sender.R ../data/breastlungcolon/SBS9.25.5.catalogue.tsv 20 ../data/deconstruction/breastlungcolon NOPAN
Rscript ../src/signature_analyzer_sender.R ../data/breastlungcolon/SBS9.25.6.catalogue.tsv 20 ../data/deconstruction/breastlungcolon NOPAN
Rscript ../src/signature_analyzer_sender.R ../data/breastlungcolon/SBS9.25.7.catalogue.tsv 20 ../data/deconstruction/breastlungcolon NOPAN
Rscript ../src/signature_analyzer_sender.R ../data/breastlungcolon/SBS9.25.8.catalogue.tsv 20 ../data/deconstruction/breastlungcolon NOPAN
Rscript ../src/signature_analyzer_sender.R ../data/breastlungcolon/SBS9.25.9.catalogue.tsv 20 ../data/deconstruction/breastlungcolon NOPAN
Rscript ../src/signature_analyzer_sender.R ../data/breastlungcolon/SBS9.25.10.catalogue.tsv 20 ../data/deconstruction/breastlungcolon NOPAN
Rscript ../src/signature_analyzer_sender.R ../data/breastlungcolon/SBS9.25.11.catalogue.tsv 20 ../data/deconstruction/breastlungcolon NOPAN
Rscript ../src/signature_analyzer_sender.R ../data/breastlungcolon/SBS9.25.12.catalogue.tsv 20 ../data/deconstruction/breastlungcolon NOPAN
Rscript ../src/signature_analyzer_sender.R ../data/breastlungcolon/SBS9.25.13.catalogue.tsv 20 ../data/deconstruction/breastlungcolon NOPAN
Rscript ../src/signature_analyzer_sender.R ../data/breastlungcolon/SBS9.25.14.catalogue.tsv 20 ../data/deconstruction/breastlungcolon NOPAN
Rscript ../src/signature_analyzer_sender.R ../data/breastlungcolon/SBS9.25.15.catalogue.tsv 20 ../data/deconstruction/breastlungcolon NOPAN
Rscript ../src/signature_analyzer_sender.R ../data/breastlungcolon/SBS9.25.16.catalogue.tsv 20 ../data/deconstruction/breastlungcolon NOPAN
Rscript ../src/signature_analyzer_sender.R ../data/breastlungcolon/SBS9.25.17.catalogue.tsv 20 ../data/deconstruction/breastlungcolon NOPAN
Rscript ../src/signature_analyzer_sender.R ../data/breastlungcolon/SBS9.25.18.catalogue.tsv 20 ../data/deconstruction/breastlungcolon NOPAN
Rscript ../src/signature_analyzer_sender.R ../data/breastlungcolon/SBS9.25.19.catalogue.tsv 20 ../data/deconstruction/breastlungcolon NOPAN
Rscript ../src/signature_analyzer_sender.R ../data/breastlungcolon/SBS9.25.20.catalogue.tsv 20 ../data/deconstruction/breastlungcolon NOPAN
Rscript ../src/signature_analyzer_sender.R ../data/breastlungcolon/SBS9.25.21.catalogue.tsv 20 ../data/deconstruction/breastlungcolon NOPAN
Rscript ../src/signature_analyzer_sender.R ../data/breastlungcolon/SBS9.25.22.catalogue.tsv 20 ../data/deconstruction/breastlungcolon NOPAN
Rscript ../src/signature_analyzer_sender.R ../data/breastlungcolon/SBS9.25.23.catalogue.tsv 20 ../data/deconstruction/breastlungcolon NOPAN
Rscript ../src/signature_analyzer_sender.R ../data/breastlungcolon/SBS9.25.24.catalogue.tsv 20 ../data/deconstruction/breastlungcolon NOPAN
Rscript ../src/signature_analyzer_sender.R ../data/breastlungcolon/SBS9.50.0.catalogue.tsv 20 ../data/deconstruction/breastlungcolon NOPAN
Rscript ../src/signature_analyzer_sender.R ../data/breastlungcolon/SBS9.50.1.catalogue.tsv 20 ../data/deconstruction/breastlungcolon NOPAN
Rscript ../src/signature_analyzer_sender.R ../data/breastlungcolon/SBS9.50.2.catalogue.tsv 20 ../data/deconstruction/breastlungcolon NOPAN
Rscript ../src/signature_analyzer_sender.R ../data/breastlungcolon/SBS9.50.3.catalogue.tsv 20 ../data/deconstruction/breastlungcolon NOPAN
Rscript ../src/signature_analyzer_sender.R ../data/breastlungcolon/SBS9.50.4.catalogue.tsv 20 ../data/deconstruction/breastlungcolon NOPAN
Rscript ../src/signature_analyzer_sender.R ../data/breastlungcolon/SBS9.50.5.catalogue.tsv 20 ../data/deconstruction/breastlungcolon NOPAN
Rscript ../src/signature_analyzer_sender.R ../data/breastlungcolon/SBS9.50.6.catalogue.tsv 20 ../data/deconstruction/breastlungcolon NOPAN
Rscript ../src/signature_analyzer_sender.R ../data/breastlungcolon/SBS9.50.7.catalogue.tsv 20 ../data/deconstruction/breastlungcolon NOPAN
Rscript ../src/signature_analyzer_sender.R ../data/breastlungcolon/SBS9.50.8.catalogue.tsv 20 ../data/deconstruction/breastlungcolon NOPAN
Rscript ../src/signature_analyzer_sender.R ../data/breastlungcolon/SBS9.50.9.catalogue.tsv 20 ../data/deconstruction/breastlungcolon NOPAN
Rscript ../src/signature_analyzer_sender.R ../data/breastlungcolon/SBS9.50.10.catalogue.tsv 20 ../data/deconstruction/breastlungcolon NOPAN
Rscript ../src/signature_analyzer_sender.R ../data/breastlungcolon/SBS9.50.11.catalogue.tsv 20 ../data/deconstruction/breastlungcolon NOPAN
Rscript ../src/signature_analyzer_sender.R ../data/breastlungcolon/SBS9.50.12.catalogue.tsv 20 ../data/deconstruction/breastlungcolon NOPAN
Rscript ../src/signature_analyzer_sender.R ../data/breastlungcolon/SBS9.50.13.catalogue.tsv 20 ../data/deconstruction/breastlungcolon NOPAN
Rscript ../src/signature_analyzer_sender.R ../data/breastlungcolon/SBS9.50.14.catalogue.tsv 20 ../data/deconstruction/breastlungcolon NOPAN
Rscript ../src/signature_analyzer_sender.R ../data/breastlungcolon/SBS9.50.15.catalogue.tsv 20 ../data/deconstruction/breastlungcolon NOPAN
Rscript ../src/signature_analyzer_sender.R ../data/breastlungcolon/SBS9.50.16.catalogue.tsv 20 ../data/deconstruction/breastlungcolon NOPAN
Rscript ../src/signature_analyzer_sender.R ../data/breastlungcolon/SBS9.50.17.catalogue.tsv 20 ../data/deconstruction/breastlungcolon NOPAN
Rscript ../src/signature_analyzer_sender.R ../data/breastlungcolon/SBS9.50.18.catalogue.tsv 20 ../data/deconstruction/breastlungcolon NOPAN
Rscript ../src/signature_analyzer_sender.R ../data/breastlungcolon/SBS9.50.19.catalogue.tsv 20 ../data/deconstruction/breastlungcolon NOPAN
Rscript ../src/signature_analyzer_sender.R ../data/breastlungcolon/SBS9.50.20.catalogue.tsv 20 ../data/deconstruction/breastlungcolon NOPAN
Rscript ../src/signature_analyzer_sender.R ../data/breastlungcolon/SBS9.50.21.catalogue.tsv 20 ../data/deconstruction/breastlungcolon NOPAN
Rscript ../src/signature_analyzer_sender.R ../data/breastlungcolon/SBS9.50.22.catalogue.tsv 20 ../data/deconstruction/breastlungcolon NOPAN
Rscript ../src/signature_analyzer_sender.R ../data/breastlungcolon/SBS9.50.23.catalogue.tsv 20 ../data/deconstruction/breastlungcolon NOPAN
Rscript ../src/signature_analyzer_sender.R ../data/breastlungcolon/SBS9.50.24.catalogue.tsv 20 ../data/deconstruction/breastlungcolon NOPAN
Rscript ../src/signature_analyzer_sender.R ../data/breastlungcolon/SBS9.100.0.catalogue.tsv 20 ../data/deconstruction/breastlungcolon NOPAN
Rscript ../src/signature_analyzer_sender.R ../data/breastlungcolon/SBS9.100.1.catalogue.tsv 20 ../data/deconstruction/breastlungcolon NOPAN
Rscript ../src/signature_analyzer_sender.R ../data/breastlungcolon/SBS9.100.2.catalogue.tsv 20 ../data/deconstruction/breastlungcolon NOPAN
Rscript ../src/signature_analyzer_sender.R ../data/breastlungcolon/SBS9.100.3.catalogue.tsv 20 ../data/deconstruction/breastlungcolon NOPAN
Rscript ../src/signature_analyzer_sender.R ../data/breastlungcolon/SBS9.100.4.catalogue.tsv 20 ../data/deconstruction/breastlungcolon NOPAN
Rscript ../src/signature_analyzer_sender.R ../data/breastlungcolon/SBS9.100.5.catalogue.tsv 20 ../data/deconstruction/breastlungcolon NOPAN
Rscript ../src/signature_analyzer_sender.R ../data/breastlungcolon/SBS9.100.6.catalogue.tsv 20 ../data/deconstruction/breastlungcolon NOPAN
Rscript ../src/signature_analyzer_sender.R ../data/breastlungcolon/SBS9.100.7.catalogue.tsv 20 ../data/deconstruction/breastlungcolon NOPAN
Rscript ../src/signature_analyzer_sender.R ../data/breastlungcolon/SBS9.100.8.catalogue.tsv 20 ../data/deconstruction/breastlungcolon NOPAN
Rscript ../src/signature_analyzer_sender.R ../data/breastlungcolon/SBS9.100.9.catalogue.tsv 20 ../data/deconstruction/breastlungcolon NOPAN
Rscript ../src/signature_analyzer_sender.R ../data/breastlungcolon/SBS9.100.10.catalogue.tsv 20 ../data/deconstruction/breastlungcolon NOPAN
Rscript ../src/signature_analyzer_sender.R ../data/breastlungcolon/SBS9.100.11.catalogue.tsv 20 ../data/deconstruction/breastlungcolon NOPAN
Rscript ../src/signature_analyzer_sender.R ../data/breastlungcolon/SBS9.100.12.catalogue.tsv 20 ../data/deconstruction/breastlungcolon NOPAN
Rscript ../src/signature_analyzer_sender.R ../data/breastlungcolon/SBS9.100.13.catalogue.tsv 20 ../data/deconstruction/breastlungcolon NOPAN
Rscript ../src/signature_analyzer_sender.R ../data/breastlungcolon/SBS9.100.14.catalogue.tsv 20 ../data/deconstruction/breastlungcolon NOPAN
Rscript ../src/signature_analyzer_sender.R ../data/breastlungcolon/SBS9.100.15.catalogue.tsv 20 ../data/deconstruction/breastlungcolon NOPAN
Rscript ../src/signature_analyzer_sender.R ../data/breastlungcolon/SBS9.100.16.catalogue.tsv 20 ../data/deconstruction/breastlungcolon NOPAN
Rscript ../src/signature_analyzer_sender.R ../data/breastlungcolon/SBS9.100.17.catalogue.tsv 20 ../data/deconstruction/breastlungcolon NOPAN
Rscript ../src/signature_analyzer_sender.R ../data/breastlungcolon/SBS9.100.18.catalogue.tsv 20 ../data/deconstruction/breastlungcolon NOPAN
Rscript ../src/signature_analyzer_sender.R ../data/breastlungcolon/SBS9.100.19.catalogue.tsv 20 ../data/deconstruction/breastlungcolon NOPAN
Rscript ../src/signature_analyzer_sender.R ../data/breastlungcolon/SBS9.100.20.catalogue.tsv 20 ../data/deconstruction/breastlungcolon NOPAN
Rscript ../src/signature_analyzer_sender.R ../data/breastlungcolon/SBS9.100.21.catalogue.tsv 20 ../data/deconstruction/breastlungcolon NOPAN
Rscript ../src/signature_analyzer_sender.R ../data/breastlungcolon/SBS9.100.22.catalogue.tsv 20 ../data/deconstruction/breastlungcolon NOPAN
Rscript ../src/signature_analyzer_sender.R ../data/breastlungcolon/SBS9.100.23.catalogue.tsv 20 ../data/deconstruction/breastlungcolon NOPAN
Rscript ../src/signature_analyzer_sender.R ../data/breastlungcolon/SBS9.100.24.catalogue.tsv 20 ../data/deconstruction/breastlungcolon NOPAN
Rscript ../src/signature_analyzer_sender.R ../data/breastlungcolon/SBS9.150.0.catalogue.tsv 20 ../data/deconstruction/breastlungcolon NOPAN
Rscript ../src/signature_analyzer_sender.R ../data/breastlungcolon/SBS9.150.1.catalogue.tsv 20 ../data/deconstruction/breastlungcolon NOPAN
Rscript ../src/signature_analyzer_sender.R ../data/breastlungcolon/SBS9.150.2.catalogue.tsv 20 ../data/deconstruction/breastlungcolon NOPAN
Rscript ../src/signature_analyzer_sender.R ../data/breastlungcolon/SBS9.150.3.catalogue.tsv 20 ../data/deconstruction/breastlungcolon NOPAN
Rscript ../src/signature_analyzer_sender.R ../data/breastlungcolon/SBS9.150.4.catalogue.tsv 20 ../data/deconstruction/breastlungcolon NOPAN
Rscript ../src/signature_analyzer_sender.R ../data/breastlungcolon/SBS9.150.5.catalogue.tsv 20 ../data/deconstruction/breastlungcolon NOPAN
Rscript ../src/signature_analyzer_sender.R ../data/breastlungcolon/SBS9.150.6.catalogue.tsv 20 ../data/deconstruction/breastlungcolon NOPAN
Rscript ../src/signature_analyzer_sender.R ../data/breastlungcolon/SBS9.150.7.catalogue.tsv 20 ../data/deconstruction/breastlungcolon NOPAN
Rscript ../src/signature_analyzer_sender.R ../data/breastlungcolon/SBS9.150.8.catalogue.tsv 20 ../data/deconstruction/breastlungcolon NOPAN
Rscript ../src/signature_analyzer_sender.R ../data/breastlungcolon/SBS9.150.9.catalogue.tsv 20 ../data/deconstruction/breastlungcolon NOPAN
Rscript ../src/signature_analyzer_sender.R ../data/breastlungcolon/SBS9.150.10.catalogue.tsv 20 ../data/deconstruction/breastlungcolon NOPAN
Rscript ../src/signature_analyzer_sender.R ../data/breastlungcolon/SBS9.150.11.catalogue.tsv 20 ../data/deconstruction/breastlungcolon NOPAN
Rscript ../src/signature_analyzer_sender.R ../data/breastlungcolon/SBS9.150.12.catalogue.tsv 20 ../data/deconstruction/breastlungcolon NOPAN
Rscript ../src/signature_analyzer_sender.R ../data/breastlungcolon/SBS9.150.13.catalogue.tsv 20 ../data/deconstruction/breastlungcolon NOPAN
Rscript ../src/signature_analyzer_sender.R ../data/breastlungcolon/SBS9.150.14.catalogue.tsv 20 ../data/deconstruction/breastlungcolon NOPAN
Rscript ../src/signature_analyzer_sender.R ../data/breastlungcolon/SBS9.150.15.catalogue.tsv 20 ../data/deconstruction/breastlungcolon NOPAN
Rscript ../src/signature_analyzer_sender.R ../data/breastlungcolon/SBS9.150.16.catalogue.tsv 20 ../data/deconstruction/breastlungcolon NOPAN
Rscript ../src/signature_analyzer_sender.R ../data/breastlungcolon/SBS9.150.17.catalogue.tsv 20 ../data/deconstruction/breastlungcolon NOPAN
Rscript ../src/signature_analyzer_sender.R ../data/breastlungcolon/SBS9.150.18.catalogue.tsv 20 ../data/deconstruction/breastlungcolon NOPAN
Rscript ../src/signature_analyzer_sender.R ../data/breastlungcolon/SBS9.150.19.catalogue.tsv 20 ../data/deconstruction/breastlungcolon NOPAN
Rscript ../src/signature_analyzer_sender.R ../data/breastlungcolon/SBS9.150.20.catalogue.tsv 20 ../data/deconstruction/breastlungcolon NOPAN
Rscript ../src/signature_analyzer_sender.R ../data/breastlungcolon/SBS9.150.21.catalogue.tsv 20 ../data/deconstruction/breastlungcolon NOPAN
Rscript ../src/signature_analyzer_sender.R ../data/breastlungcolon/SBS9.150.22.catalogue.tsv 20 ../data/deconstruction/breastlungcolon NOPAN
Rscript ../src/signature_analyzer_sender.R ../data/breastlungcolon/SBS9.150.23.catalogue.tsv 20 ../data/deconstruction/breastlungcolon NOPAN
Rscript ../src/signature_analyzer_sender.R ../data/breastlungcolon/SBS9.150.24.catalogue.tsv 20 ../data/deconstruction/breastlungcolon NOPAN
Rscript ../src/signature_analyzer_sender.R ../data/breastlungcolon/SBS31.10.0.catalogue.tsv 20 ../data/deconstruction/breastlungcolon NOPAN
Rscript ../src/signature_analyzer_sender.R ../data/breastlungcolon/SBS31.10.1.catalogue.tsv 20 ../data/deconstruction/breastlungcolon NOPAN
Rscript ../src/signature_analyzer_sender.R ../data/breastlungcolon/SBS31.10.2.catalogue.tsv 20 ../data/deconstruction/breastlungcolon NOPAN
Rscript ../src/signature_analyzer_sender.R ../data/breastlungcolon/SBS31.10.3.catalogue.tsv 20 ../data/deconstruction/breastlungcolon NOPAN
Rscript ../src/signature_analyzer_sender.R ../data/breastlungcolon/SBS31.10.4.catalogue.tsv 20 ../data/deconstruction/breastlungcolon NOPAN
Rscript ../src/signature_analyzer_sender.R ../data/breastlungcolon/SBS31.10.5.catalogue.tsv 20 ../data/deconstruction/breastlungcolon NOPAN
Rscript ../src/signature_analyzer_sender.R ../data/breastlungcolon/SBS31.10.6.catalogue.tsv 20 ../data/deconstruction/breastlungcolon NOPAN
Rscript ../src/signature_analyzer_sender.R ../data/breastlungcolon/SBS31.10.7.catalogue.tsv 20 ../data/deconstruction/breastlungcolon NOPAN
Rscript ../src/signature_analyzer_sender.R ../data/breastlungcolon/SBS31.10.8.catalogue.tsv 20 ../data/deconstruction/breastlungcolon NOPAN
Rscript ../src/signature_analyzer_sender.R ../data/breastlungcolon/SBS31.10.9.catalogue.tsv 20 ../data/deconstruction/breastlungcolon NOPAN
Rscript ../src/signature_analyzer_sender.R ../data/breastlungcolon/SBS31.10.10.catalogue.tsv 20 ../data/deconstruction/breastlungcolon NOPAN
Rscript ../src/signature_analyzer_sender.R ../data/breastlungcolon/SBS31.10.11.catalogue.tsv 20 ../data/deconstruction/breastlungcolon NOPAN
Rscript ../src/signature_analyzer_sender.R ../data/breastlungcolon/SBS31.10.12.catalogue.tsv 20 ../data/deconstruction/breastlungcolon NOPAN
Rscript ../src/signature_analyzer_sender.R ../data/breastlungcolon/SBS31.10.13.catalogue.tsv 20 ../data/deconstruction/breastlungcolon NOPAN
Rscript ../src/signature_analyzer_sender.R ../data/breastlungcolon/SBS31.10.14.catalogue.tsv 20 ../data/deconstruction/breastlungcolon NOPAN
Rscript ../src/signature_analyzer_sender.R ../data/breastlungcolon/SBS31.10.15.catalogue.tsv 20 ../data/deconstruction/breastlungcolon NOPAN
Rscript ../src/signature_analyzer_sender.R ../data/breastlungcolon/SBS31.10.16.catalogue.tsv 20 ../data/deconstruction/breastlungcolon NOPAN
Rscript ../src/signature_analyzer_sender.R ../data/breastlungcolon/SBS31.10.17.catalogue.tsv 20 ../data/deconstruction/breastlungcolon NOPAN
Rscript ../src/signature_analyzer_sender.R ../data/breastlungcolon/SBS31.10.18.catalogue.tsv 20 ../data/deconstruction/breastlungcolon NOPAN
Rscript ../src/signature_analyzer_sender.R ../data/breastlungcolon/SBS31.10.19.catalogue.tsv 20 ../data/deconstruction/breastlungcolon NOPAN
Rscript ../src/signature_analyzer_sender.R ../data/breastlungcolon/SBS31.10.20.catalogue.tsv 20 ../data/deconstruction/breastlungcolon NOPAN
Rscript ../src/signature_analyzer_sender.R ../data/breastlungcolon/SBS31.10.21.catalogue.tsv 20 ../data/deconstruction/breastlungcolon NOPAN
Rscript ../src/signature_analyzer_sender.R ../data/breastlungcolon/SBS31.10.22.catalogue.tsv 20 ../data/deconstruction/breastlungcolon NOPAN
Rscript ../src/signature_analyzer_sender.R ../data/breastlungcolon/SBS31.10.23.catalogue.tsv 20 ../data/deconstruction/breastlungcolon NOPAN
Rscript ../src/signature_analyzer_sender.R ../data/breastlungcolon/SBS31.10.24.catalogue.tsv 20 ../data/deconstruction/breastlungcolon NOPAN
Rscript ../src/signature_analyzer_sender.R ../data/breastlungcolon/SBS31.25.0.catalogue.tsv 20 ../data/deconstruction/breastlungcolon NOPAN
Rscript ../src/signature_analyzer_sender.R ../data/breastlungcolon/SBS31.25.1.catalogue.tsv 20 ../data/deconstruction/breastlungcolon NOPAN
Rscript ../src/signature_analyzer_sender.R ../data/breastlungcolon/SBS31.25.2.catalogue.tsv 20 ../data/deconstruction/breastlungcolon NOPAN
Rscript ../src/signature_analyzer_sender.R ../data/breastlungcolon/SBS31.25.3.catalogue.tsv 20 ../data/deconstruction/breastlungcolon NOPAN
Rscript ../src/signature_analyzer_sender.R ../data/breastlungcolon/SBS31.25.4.catalogue.tsv 20 ../data/deconstruction/breastlungcolon NOPAN
Rscript ../src/signature_analyzer_sender.R ../data/breastlungcolon/SBS31.25.5.catalogue.tsv 20 ../data/deconstruction/breastlungcolon NOPAN
Rscript ../src/signature_analyzer_sender.R ../data/breastlungcolon/SBS31.25.6.catalogue.tsv 20 ../data/deconstruction/breastlungcolon NOPAN
Rscript ../src/signature_analyzer_sender.R ../data/breastlungcolon/SBS31.25.7.catalogue.tsv 20 ../data/deconstruction/breastlungcolon NOPAN
Rscript ../src/signature_analyzer_sender.R ../data/breastlungcolon/SBS31.25.8.catalogue.tsv 20 ../data/deconstruction/breastlungcolon NOPAN
Rscript ../src/signature_analyzer_sender.R ../data/breastlungcolon/SBS31.25.9.catalogue.tsv 20 ../data/deconstruction/breastlungcolon NOPAN
Rscript ../src/signature_analyzer_sender.R ../data/breastlungcolon/SBS31.25.10.catalogue.tsv 20 ../data/deconstruction/breastlungcolon NOPAN
Rscript ../src/signature_analyzer_sender.R ../data/breastlungcolon/SBS31.25.11.catalogue.tsv 20 ../data/deconstruction/breastlungcolon NOPAN
Rscript ../src/signature_analyzer_sender.R ../data/breastlungcolon/SBS31.25.12.catalogue.tsv 20 ../data/deconstruction/breastlungcolon NOPAN
Rscript ../src/signature_analyzer_sender.R ../data/breastlungcolon/SBS31.25.13.catalogue.tsv 20 ../data/deconstruction/breastlungcolon NOPAN
Rscript ../src/signature_analyzer_sender.R ../data/breastlungcolon/SBS31.25.14.catalogue.tsv 20 ../data/deconstruction/breastlungcolon NOPAN
Rscript ../src/signature_analyzer_sender.R ../data/breastlungcolon/SBS31.25.15.catalogue.tsv 20 ../data/deconstruction/breastlungcolon NOPAN
Rscript ../src/signature_analyzer_sender.R ../data/breastlungcolon/SBS31.25.16.catalogue.tsv 20 ../data/deconstruction/breastlungcolon NOPAN
Rscript ../src/signature_analyzer_sender.R ../data/breastlungcolon/SBS31.25.17.catalogue.tsv 20 ../data/deconstruction/breastlungcolon NOPAN
Rscript ../src/signature_analyzer_sender.R ../data/breastlungcolon/SBS31.25.18.catalogue.tsv 20 ../data/deconstruction/breastlungcolon NOPAN
Rscript ../src/signature_analyzer_sender.R ../data/breastlungcolon/SBS31.25.19.catalogue.tsv 20 ../data/deconstruction/breastlungcolon NOPAN
Rscript ../src/signature_analyzer_sender.R ../data/breastlungcolon/SBS31.25.20.catalogue.tsv 20 ../data/deconstruction/breastlungcolon NOPAN
Rscript ../src/signature_analyzer_sender.R ../data/breastlungcolon/SBS31.25.21.catalogue.tsv 20 ../data/deconstruction/breastlungcolon NOPAN
Rscript ../src/signature_analyzer_sender.R ../data/breastlungcolon/SBS31.25.22.catalogue.tsv 20 ../data/deconstruction/breastlungcolon NOPAN
Rscript ../src/signature_analyzer_sender.R ../data/breastlungcolon/SBS31.25.23.catalogue.tsv 20 ../data/deconstruction/breastlungcolon NOPAN
Rscript ../src/signature_analyzer_sender.R ../data/breastlungcolon/SBS31.25.24.catalogue.tsv 20 ../data/deconstruction/breastlungcolon NOPAN
Rscript ../src/signature_analyzer_sender.R ../data/breastlungcolon/SBS31.50.0.catalogue.tsv 20 ../data/deconstruction/breastlungcolon NOPAN
Rscript ../src/signature_analyzer_sender.R ../data/breastlungcolon/SBS31.50.1.catalogue.tsv 20 ../data/deconstruction/breastlungcolon NOPAN
Rscript ../src/signature_analyzer_sender.R ../data/breastlungcolon/SBS31.50.2.catalogue.tsv 20 ../data/deconstruction/breastlungcolon NOPAN
Rscript ../src/signature_analyzer_sender.R ../data/breastlungcolon/SBS31.50.3.catalogue.tsv 20 ../data/deconstruction/breastlungcolon NOPAN
Rscript ../src/signature_analyzer_sender.R ../data/breastlungcolon/SBS31.50.4.catalogue.tsv 20 ../data/deconstruction/breastlungcolon NOPAN
Rscript ../src/signature_analyzer_sender.R ../data/breastlungcolon/SBS31.50.5.catalogue.tsv 20 ../data/deconstruction/breastlungcolon NOPAN
Rscript ../src/signature_analyzer_sender.R ../data/breastlungcolon/SBS31.50.6.catalogue.tsv 20 ../data/deconstruction/breastlungcolon NOPAN
Rscript ../src/signature_analyzer_sender.R ../data/breastlungcolon/SBS31.50.7.catalogue.tsv 20 ../data/deconstruction/breastlungcolon NOPAN
Rscript ../src/signature_analyzer_sender.R ../data/breastlungcolon/SBS31.50.8.catalogue.tsv 20 ../data/deconstruction/breastlungcolon NOPAN
Rscript ../src/signature_analyzer_sender.R ../data/breastlungcolon/SBS31.50.9.catalogue.tsv 20 ../data/deconstruction/breastlungcolon NOPAN
Rscript ../src/signature_analyzer_sender.R ../data/breastlungcolon/SBS31.50.10.catalogue.tsv 20 ../data/deconstruction/breastlungcolon NOPAN
Rscript ../src/signature_analyzer_sender.R ../data/breastlungcolon/SBS31.50.11.catalogue.tsv 20 ../data/deconstruction/breastlungcolon NOPAN
Rscript ../src/signature_analyzer_sender.R ../data/breastlungcolon/SBS31.50.12.catalogue.tsv 20 ../data/deconstruction/breastlungcolon NOPAN
Rscript ../src/signature_analyzer_sender.R ../data/breastlungcolon/SBS31.50.13.catalogue.tsv 20 ../data/deconstruction/breastlungcolon NOPAN
Rscript ../src/signature_analyzer_sender.R ../data/breastlungcolon/SBS31.50.14.catalogue.tsv 20 ../data/deconstruction/breastlungcolon NOPAN
Rscript ../src/signature_analyzer_sender.R ../data/breastlungcolon/SBS31.50.15.catalogue.tsv 20 ../data/deconstruction/breastlungcolon NOPAN
Rscript ../src/signature_analyzer_sender.R ../data/breastlungcolon/SBS31.50.16.catalogue.tsv 20 ../data/deconstruction/breastlungcolon NOPAN
Rscript ../src/signature_analyzer_sender.R ../data/breastlungcolon/SBS31.50.17.catalogue.tsv 20 ../data/deconstruction/breastlungcolon NOPAN
Rscript ../src/signature_analyzer_sender.R ../data/breastlungcolon/SBS31.50.18.catalogue.tsv 20 ../data/deconstruction/breastlungcolon NOPAN
Rscript ../src/signature_analyzer_sender.R ../data/breastlungcolon/SBS31.50.19.catalogue.tsv 20 ../data/deconstruction/breastlungcolon NOPAN
Rscript ../src/signature_analyzer_sender.R ../data/breastlungcolon/SBS31.50.20.catalogue.tsv 20 ../data/deconstruction/breastlungcolon NOPAN
Rscript ../src/signature_analyzer_sender.R ../data/breastlungcolon/SBS31.50.21.catalogue.tsv 20 ../data/deconstruction/breastlungcolon NOPAN
Rscript ../src/signature_analyzer_sender.R ../data/breastlungcolon/SBS31.50.22.catalogue.tsv 20 ../data/deconstruction/breastlungcolon NOPAN
Rscript ../src/signature_analyzer_sender.R ../data/breastlungcolon/SBS31.50.23.catalogue.tsv 20 ../data/deconstruction/breastlungcolon NOPAN
Rscript ../src/signature_analyzer_sender.R ../data/breastlungcolon/SBS31.50.24.catalogue.tsv 20 ../data/deconstruction/breastlungcolon NOPAN
Rscript ../src/signature_analyzer_sender.R ../data/breastlungcolon/SBS31.100.0.catalogue.tsv 20 ../data/deconstruction/breastlungcolon NOPAN
Rscript ../src/signature_analyzer_sender.R ../data/breastlungcolon/SBS31.100.1.catalogue.tsv 20 ../data/deconstruction/breastlungcolon NOPAN
Rscript ../src/signature_analyzer_sender.R ../data/breastlungcolon/SBS31.100.2.catalogue.tsv 20 ../data/deconstruction/breastlungcolon NOPAN
Rscript ../src/signature_analyzer_sender.R ../data/breastlungcolon/SBS31.100.3.catalogue.tsv 20 ../data/deconstruction/breastlungcolon NOPAN
Rscript ../src/signature_analyzer_sender.R ../data/breastlungcolon/SBS31.100.4.catalogue.tsv 20 ../data/deconstruction/breastlungcolon NOPAN
Rscript ../src/signature_analyzer_sender.R ../data/breastlungcolon/SBS31.100.5.catalogue.tsv 20 ../data/deconstruction/breastlungcolon NOPAN
Rscript ../src/signature_analyzer_sender.R ../data/breastlungcolon/SBS31.100.6.catalogue.tsv 20 ../data/deconstruction/breastlungcolon NOPAN
Rscript ../src/signature_analyzer_sender.R ../data/breastlungcolon/SBS31.100.7.catalogue.tsv 20 ../data/deconstruction/breastlungcolon NOPAN
Rscript ../src/signature_analyzer_sender.R ../data/breastlungcolon/SBS31.100.8.catalogue.tsv 20 ../data/deconstruction/breastlungcolon NOPAN
Rscript ../src/signature_analyzer_sender.R ../data/breastlungcolon/SBS31.100.9.catalogue.tsv 20 ../data/deconstruction/breastlungcolon NOPAN
Rscript ../src/signature_analyzer_sender.R ../data/breastlungcolon/SBS31.100.10.catalogue.tsv 20 ../data/deconstruction/breastlungcolon NOPAN
Rscript ../src/signature_analyzer_sender.R ../data/breastlungcolon/SBS31.100.11.catalogue.tsv 20 ../data/deconstruction/breastlungcolon NOPAN
Rscript ../src/signature_analyzer_sender.R ../data/breastlungcolon/SBS31.100.12.catalogue.tsv 20 ../data/deconstruction/breastlungcolon NOPAN
Rscript ../src/signature_analyzer_sender.R ../data/breastlungcolon/SBS31.100.13.catalogue.tsv 20 ../data/deconstruction/breastlungcolon NOPAN
Rscript ../src/signature_analyzer_sender.R ../data/breastlungcolon/SBS31.100.14.catalogue.tsv 20 ../data/deconstruction/breastlungcolon NOPAN
Rscript ../src/signature_analyzer_sender.R ../data/breastlungcolon/SBS31.100.15.catalogue.tsv 20 ../data/deconstruction/breastlungcolon NOPAN
Rscript ../src/signature_analyzer_sender.R ../data/breastlungcolon/SBS31.100.16.catalogue.tsv 20 ../data/deconstruction/breastlungcolon NOPAN
Rscript ../src/signature_analyzer_sender.R ../data/breastlungcolon/SBS31.100.17.catalogue.tsv 20 ../data/deconstruction/breastlungcolon NOPAN
Rscript ../src/signature_analyzer_sender.R ../data/breastlungcolon/SBS31.100.18.catalogue.tsv 20 ../data/deconstruction/breastlungcolon NOPAN
Rscript ../src/signature_analyzer_sender.R ../data/breastlungcolon/SBS31.100.19.catalogue.tsv 20 ../data/deconstruction/breastlungcolon NOPAN
Rscript ../src/signature_analyzer_sender.R ../data/breastlungcolon/SBS31.100.20.catalogue.tsv 20 ../data/deconstruction/breastlungcolon NOPAN
Rscript ../src/signature_analyzer_sender.R ../data/breastlungcolon/SBS31.100.21.catalogue.tsv 20 ../data/deconstruction/breastlungcolon NOPAN
Rscript ../src/signature_analyzer_sender.R ../data/breastlungcolon/SBS31.100.22.catalogue.tsv 20 ../data/deconstruction/breastlungcolon NOPAN
Rscript ../src/signature_analyzer_sender.R ../data/breastlungcolon/SBS31.100.23.catalogue.tsv 20 ../data/deconstruction/breastlungcolon NOPAN
Rscript ../src/signature_analyzer_sender.R ../data/breastlungcolon/SBS31.100.24.catalogue.tsv 20 ../data/deconstruction/breastlungcolon NOPAN
Rscript ../src/signature_analyzer_sender.R ../data/breastlungcolon/SBS31.150.0.catalogue.tsv 20 ../data/deconstruction/breastlungcolon NOPAN
Rscript ../src/signature_analyzer_sender.R ../data/breastlungcolon/SBS31.150.1.catalogue.tsv 20 ../data/deconstruction/breastlungcolon NOPAN
Rscript ../src/signature_analyzer_sender.R ../data/breastlungcolon/SBS31.150.2.catalogue.tsv 20 ../data/deconstruction/breastlungcolon NOPAN
Rscript ../src/signature_analyzer_sender.R ../data/breastlungcolon/SBS31.150.3.catalogue.tsv 20 ../data/deconstruction/breastlungcolon NOPAN
Rscript ../src/signature_analyzer_sender.R ../data/breastlungcolon/SBS31.150.4.catalogue.tsv 20 ../data/deconstruction/breastlungcolon NOPAN
Rscript ../src/signature_analyzer_sender.R ../data/breastlungcolon/SBS31.150.5.catalogue.tsv 20 ../data/deconstruction/breastlungcolon NOPAN
Rscript ../src/signature_analyzer_sender.R ../data/breastlungcolon/SBS31.150.6.catalogue.tsv 20 ../data/deconstruction/breastlungcolon NOPAN
Rscript ../src/signature_analyzer_sender.R ../data/breastlungcolon/SBS31.150.7.catalogue.tsv 20 ../data/deconstruction/breastlungcolon NOPAN
Rscript ../src/signature_analyzer_sender.R ../data/breastlungcolon/SBS31.150.8.catalogue.tsv 20 ../data/deconstruction/breastlungcolon NOPAN
Rscript ../src/signature_analyzer_sender.R ../data/breastlungcolon/SBS31.150.9.catalogue.tsv 20 ../data/deconstruction/breastlungcolon NOPAN
Rscript ../src/signature_analyzer_sender.R ../data/breastlungcolon/SBS31.150.10.catalogue.tsv 20 ../data/deconstruction/breastlungcolon NOPAN
Rscript ../src/signature_analyzer_sender.R ../data/breastlungcolon/SBS31.150.11.catalogue.tsv 20 ../data/deconstruction/breastlungcolon NOPAN
Rscript ../src/signature_analyzer_sender.R ../data/breastlungcolon/SBS31.150.12.catalogue.tsv 20 ../data/deconstruction/breastlungcolon NOPAN
Rscript ../src/signature_analyzer_sender.R ../data/breastlungcolon/SBS31.150.13.catalogue.tsv 20 ../data/deconstruction/breastlungcolon NOPAN
Rscript ../src/signature_analyzer_sender.R ../data/breastlungcolon/SBS31.150.14.catalogue.tsv 20 ../data/deconstruction/breastlungcolon NOPAN
Rscript ../src/signature_analyzer_sender.R ../data/breastlungcolon/SBS31.150.15.catalogue.tsv 20 ../data/deconstruction/breastlungcolon NOPAN
Rscript ../src/signature_analyzer_sender.R ../data/breastlungcolon/SBS31.150.16.catalogue.tsv 20 ../data/deconstruction/breastlungcolon NOPAN
Rscript ../src/signature_analyzer_sender.R ../data/breastlungcolon/SBS31.150.17.catalogue.tsv 20 ../data/deconstruction/breastlungcolon NOPAN
Rscript ../src/signature_analyzer_sender.R ../data/breastlungcolon/SBS31.150.18.catalogue.tsv 20 ../data/deconstruction/breastlungcolon NOPAN
Rscript ../src/signature_analyzer_sender.R ../data/breastlungcolon/SBS31.150.19.catalogue.tsv 20 ../data/deconstruction/breastlungcolon NOPAN
Rscript ../src/signature_analyzer_sender.R ../data/breastlungcolon/SBS31.150.20.catalogue.tsv 20 ../data/deconstruction/breastlungcolon NOPAN
Rscript ../src/signature_analyzer_sender.R ../data/breastlungcolon/SBS31.150.21.catalogue.tsv 20 ../data/deconstruction/breastlungcolon NOPAN
Rscript ../src/signature_analyzer_sender.R ../data/breastlungcolon/SBS31.150.22.catalogue.tsv 20 ../data/deconstruction/breastlungcolon NOPAN
Rscript ../src/signature_analyzer_sender.R ../data/breastlungcolon/SBS31.150.23.catalogue.tsv 20 ../data/deconstruction/breastlungcolon NOPAN
Rscript ../src/signature_analyzer_sender.R ../data/breastlungcolon/SBS31.150.24.catalogue.tsv 20 ../data/deconstruction/breastlungcolon NOPAN

